// Jest Snapshot v1, https://goo.gl/fbAQLP

exports[`Button component it matches the snapshot 1`] = `
<button
  className=""
  onClick={[Function]}
  type="button"
>
  <i
    className=""
  />
  
</button>
`;
