// Jest Snapshot v1, https://goo.gl/fbAQLP

exports[`Test create article form component Matches the snapshot 1`] = `ShallowWrapper {}`;
